// Jest Snapshot v1, https://goo.gl/fbAQLP

exports[`expect dashboard page to render 1`] = `
<div>
  Dashboard page conent
</div>
`;
